2024-05-29 03:06:15,622 INFO c.e.EkoedcApplication [main] Starting EkoedcApplication using Java 17.0.10 with PID 38908 (C:\Users\ugochukwu.omeje\vasgate_electricity_service\EKOEDC\target\classes started by ugochukwu.omeje in C:\Users\ugochukwu.omeje\vasgate_electricity_service\EKOEDC)
2024-05-29 03:06:15,636 INFO c.e.EkoedcApplication [main] No active profile set, falling back to 1 default profile: "default"
2024-05-29 03:06:18,721 INFO o.s.d.r.c.RepositoryConfigurationDelegate [main] Multiple Spring Data modules found, entering strict repository configuration mode
2024-05-29 03:06:18,736 INFO o.s.d.r.c.RepositoryConfigurationDelegate [main] Bootstrapping Spring Data Redis repositories in DEFAULT mode.
2024-05-29 03:06:18,894 INFO o.s.d.r.c.RepositoryConfigurationExtensionSupport [main] Spring Data Redis - Could not safely identify store assignment for repository candidate interface com.etranzact.vasgate.electricity.ekoedc.respository.RedisRepo; If you want this repository to be a Redis repository, consider annotating your entities with one of these annotations: org.springframework.data.redis.core.RedisHash (preferred), or consider extending one of the following types with your repository: org.springframework.data.keyvalue.repository.KeyValueRepository
2024-05-29 03:06:18,897 INFO o.s.d.r.c.RepositoryConfigurationDelegate [main] Finished Spring Data repository scanning in 112 ms. Found 0 Redis repository interfaces.
2024-05-29 03:06:20,360 INFO o.s.b.w.e.t.TomcatWebServer [main] Tomcat initialized with port 8080 (http)
2024-05-29 03:06:20,388 INFO o.a.c.h.Http11NioProtocol [main] Initializing ProtocolHandler ["http-nio-8080"]
2024-05-29 03:06:20,394 INFO o.a.c.c.StandardService [main] Starting service [Tomcat]
2024-05-29 03:06:20,395 INFO o.a.c.c.StandardEngine [main] Starting Servlet engine: [Apache Tomcat/10.1.19]
2024-05-29 03:06:20,604 INFO o.a.c.c.C.[.[.[/] [main] Initializing Spring embedded WebApplicationContext
2024-05-29 03:06:20,608 INFO o.s.b.w.s.c.ServletWebServerApplicationContext [main] Root WebApplicationContext: initialization completed in 4838 ms
2024-05-29 03:06:23,571 INFO o.s.b.a.e.w.EndpointLinksResolver [main] Exposing 1 endpoint(s) beneath base path '/actuator'
2024-05-29 03:06:23,670 INFO o.a.c.h.Http11NioProtocol [main] Starting ProtocolHandler ["http-nio-8080"]
2024-05-29 03:06:23,686 WARN o.s.b.w.s.c.AnnotationConfigServletWebServerApplicationContext [main] Exception encountered during context initialization - cancelling refresh attempt: org.springframework.context.ApplicationContextException: Failed to start bean 'webServerStartStop'
2024-05-29 03:06:23,781 INFO o.s.b.a.l.ConditionEvaluationReportLogger [main] 

Error starting ApplicationContext. To display the condition evaluation report re-run your application with 'debug' enabled.
2024-05-29 03:06:23,834 ERROR o.s.b.d.LoggingFailureAnalysisReporter [main] 

***************************
APPLICATION FAILED TO START
***************************

Description:

Web server failed to start. Port 8080 was already in use.

Action:

Identify and stop the process that's listening on port 8080 or configure this application to listen on another port.

2024-05-29 03:16:33,080 INFO c.e.EkoedcApplication [main] Starting EkoedcApplication using Java 17.0.10 with PID 31764 (C:\Users\ugochukwu.omeje\vasgate_electricity_service\EKOEDC\target\classes started by ugochukwu.omeje in C:\Users\ugochukwu.omeje\vasgate_electricity_service\EKOEDC)
2024-05-29 03:16:33,087 INFO c.e.EkoedcApplication [main] No active profile set, falling back to 1 default profile: "default"
2024-05-29 03:16:35,879 INFO o.s.d.r.c.RepositoryConfigurationDelegate [main] Multiple Spring Data modules found, entering strict repository configuration mode
2024-05-29 03:16:35,889 INFO o.s.d.r.c.RepositoryConfigurationDelegate [main] Bootstrapping Spring Data Redis repositories in DEFAULT mode.
2024-05-29 03:16:36,052 INFO o.s.d.r.c.RepositoryConfigurationExtensionSupport [main] Spring Data Redis - Could not safely identify store assignment for repository candidate interface com.etranzact.vasgate.electricity.ekoedc.respository.RedisRepo; If you want this repository to be a Redis repository, consider annotating your entities with one of these annotations: org.springframework.data.redis.core.RedisHash (preferred), or consider extending one of the following types with your repository: org.springframework.data.keyvalue.repository.KeyValueRepository
2024-05-29 03:16:36,054 INFO o.s.d.r.c.RepositoryConfigurationDelegate [main] Finished Spring Data repository scanning in 114 ms. Found 0 Redis repository interfaces.
2024-05-29 03:16:37,581 INFO o.s.b.w.e.t.TomcatWebServer [main] Tomcat initialized with port 8080 (http)
2024-05-29 03:16:37,611 INFO o.a.c.h.Http11NioProtocol [main] Initializing ProtocolHandler ["http-nio-8080"]
2024-05-29 03:16:37,617 INFO o.a.c.c.StandardService [main] Starting service [Tomcat]
2024-05-29 03:16:37,618 INFO o.a.c.c.StandardEngine [main] Starting Servlet engine: [Apache Tomcat/10.1.19]
2024-05-29 03:16:37,812 INFO o.a.c.c.C.[.[.[/] [main] Initializing Spring embedded WebApplicationContext
2024-05-29 03:16:37,815 INFO o.s.b.w.s.c.ServletWebServerApplicationContext [main] Root WebApplicationContext: initialization completed in 4603 ms
2024-05-29 03:16:41,813 INFO o.s.b.a.e.w.EndpointLinksResolver [main] Exposing 1 endpoint(s) beneath base path '/actuator'
2024-05-29 03:16:41,919 INFO o.a.c.h.Http11NioProtocol [main] Starting ProtocolHandler ["http-nio-8080"]
2024-05-29 03:16:41,934 WARN o.s.b.w.s.c.AnnotationConfigServletWebServerApplicationContext [main] Exception encountered during context initialization - cancelling refresh attempt: org.springframework.context.ApplicationContextException: Failed to start bean 'webServerStartStop'
2024-05-29 03:16:42,163 INFO o.s.b.a.l.ConditionEvaluationReportLogger [main] 

Error starting ApplicationContext. To display the condition evaluation report re-run your application with 'debug' enabled.
2024-05-29 03:16:42,223 ERROR o.s.b.d.LoggingFailureAnalysisReporter [main] 

***************************
APPLICATION FAILED TO START
***************************

Description:

Web server failed to start. Port 8080 was already in use.

Action:

Identify and stop the process that's listening on port 8080 or configure this application to listen on another port.

